// Jest Snapshot v1, https://goo.gl/fbAQLP

exports[`<Radio /> shold render default radio options 1`] = `
.c2 {
  display: -webkit-box;
  display: -webkit-flex;
  display: -ms-flexbox;
  display: flex;
  -webkit-flex-direction: column;
  -ms-flex-direction: column;
  flex-direction: column;
  width: 100%;
  height: 5.6rem;
  background: rgba(121,85,232,0.3);
  width: -webkit-fit-content;
  width: -moz-fit-content;
  width: fit-content;
  border-radius: 0.4rem;
  border: none;
}

.c2 label {
  width: 100%;
  height: 5.6rem;
  font-size: 12px;
  font-weight: normal;
  display: -webkit-box;
  display: -webkit-flex;
  display: -ms-flexbox;
  display: flex;
  -webkit-align-items: center;
  -webkit-box-align: center;
  -ms-flex-align: center;
  align-items: center;
  -webkit-box-pack: center;
  -webkit-justify-content: center;
  -ms-flex-pack: center;
  justify-content: center;
  padding: 1.4rem 1.6rem;
  cursor: pointer;
}

.c2 label input {
  display: none;
}

.c6 {
  width: 18px;
  height: 18px;
  border: none;
  border-radius: 50%;
  background: #A68EEF;
  box-sizing: border-box;
  margin-right: 0.8rem;
  margin-bottom: 1px;
  border-radius: 50%;
}

.c6::before {
  content: '';
  width: 100%;
  height: 100%;
  border-radius: 50%;
  background: #FFD74F url('/icons/circle_checked.svg') center no-repeat;
  display: block;
  -webkit-transform: scale(0);
  -ms-transform: scale(0);
  transform: scale(0);
  -webkit-transition: all 0.1s;
  transition: all 0.1s;
}

.c7 p {
  font-size: 1.4rem;
  text-transform: uppercase;
  color: #ffffff;
  font-weight: bold;
  padding: 0;
}

.c4 {
  display: -webkit-box;
  display: -webkit-flex;
  display: -ms-flexbox;
  display: flex;
  -webkit-align-items: center;
  -webkit-box-align: center;
  -ms-flex-align: center;
  align-items: center;
}

.c0 {
  display: -webkit-box;
  display: -webkit-flex;
  display: -ms-flexbox;
  display: flex;
  -webkit-align-items: center;
  -webkit-box-align: center;
  -ms-flex-align: center;
  align-items: center;
  place-content: center;
  width: -webkit-fit-content;
  width: -moz-fit-content;
  width: fit-content;
  -webkit-flex-direction: row;
  -ms-flex-direction: row;
  flex-direction: row;
}

.c0 .c1 + .c1 {
  margin-left: 2rem;
  margin-top: 0;
}

.c0 input:checked + .c3 .c5 {
  border-radius: 50%;
}

.c0 input:checked + .c3 .c5::before {
  -webkit-transform: scale(1);
  -ms-transform: scale(1);
  transform: scale(1);
}

@media (max-width:768px) {
  .c2 {
    width: 100%;
  }
}

@media (max-width:768px) {
  .c7 p {
    font-size: 1rem;
  }
}

@media (max-width:768px) {
  .c0 {
    width: 100%;
    display: -webkit-box;
    display: -webkit-flex;
    display: -ms-flexbox;
    display: flex;
  }
}

@media (max-width:350px) {
  .c0 {
    -webkit-flex-direction: column;
    -ms-flex-direction: column;
    flex-direction: column;
  }

  .c0 .c1 + .c1 {
    margin-top: 2rem;
    margin-left: 0;
  }
}

<div
  class="c0"
>
  <button
    class="c1 c2"
    type="button"
  >
    <label
      for="1"
    >
      <input
        id="1"
        type="radio"
        value="1"
      />
      <div
        class="c3 c4"
      >
        <div
          class="c5 c6"
        />
        <div
          class="c7"
        >
          <p>
            I'M A TEACHER
          </p>
        </div>
      </div>
    </label>
  </button>
</div>
`;
